=== Compilation started at 2025-10-19 13:46:31 ===

=== Compiling all RTL files ===
RTL compilation finished.
No errors found in transcript.

=== Compiling testbench files ===
TB compilation finished.
No errors found in transcript.

=== Compilation Summary ===
RTL files compiled: 10
Testbench files compiled: 4
Errors detected: 0
Warnings detected: 0
Compilation completed at 2025-10-19 13:46:31

